// Jest Snapshot v1, https://goo.gl/fbAQLP

exports[`SortControl renders correctly 1`] = `
<div>
  <div
    class="sortControl"
  >
    <label>
      Sort By
    </label>
    <select>
      <option
        value="release_date"
      >
        Release Date
      </option>
      <option
        value="title"
      >
        Title
      </option>
    </select>
  </div>
</div>
`;
