// Jest Snapshot v1, https://goo.gl/fbAQLP

exports[`MovieDetails renders correctly 1`] = `
<div>
  <div
    class="movieDetails"
  >
    <img
      alt="Pulp Fiction"
      src="images/Pulp_Fiction.png"
    />
    <div
      class="movieInfo"
    >
      <h1
        class="movieTitle"
      >
        Pulp Fiction
      </h1>
      <span
        class="rating"
      >
        8.9
      </span>
      <p
        class="genres"
      >
        <span>
          Crime
           
        </span>
        <span>
          Thriller
           
        </span>
      </p>
      <span
        class="releaseYear"
      >
        1994
      </span>
      <span
        class="duration"
      >
        2h 34m
      </span>
      <p
        class="description"
      >
        Jules Winnfield (Samuel L. Jackson) and Vincent Vega (John Travolta) are two hit men who are out to retrieve a suitcase stolen from their employer, mob boss Marsellus Wallace (Ving Rhames). Wallace has also asked Vincent to take his wife Mia (Uma Thurman) out a few days later when Wallace himself will be out of town. Butch Coolidge (Bruce Willis) is an aging boxer who is paid by Wallace to lose his fight. The lives of these seemingly unrelated people are woven together comprising of a series of funny, bizarre and uncalled-for incidents.â€”Soumitra
      </p>
    </div>
  </div>
</div>
`;
